2026-06-02 19:29:19,474 INFO o.a.j.u.JMeterUtils: Setting Locale to en_EN
2026-06-02 19:29:19,529 INFO o.a.j.JMeter: Loading user properties from: C:\Users\HP\Downloads\apache-jmeter-5.6.3\apache-jmeter-5.6.3\bin\user.properties
2026-06-02 19:29:19,531 INFO o.a.j.JMeter: Loading system properties from: C:\Users\HP\Downloads\apache-jmeter-5.6.3\apache-jmeter-5.6.3\bin\system.properties
2026-06-02 19:29:19,533 INFO o.a.j.JMeter: Setting JMeter property: THREAD_COUNT=10
2026-06-02 19:29:19,533 INFO o.a.j.JMeter: Setting JMeter property: LOOP_COUNT=100
2026-06-02 19:29:19,561 INFO o.a.j.JMeter: Copyright (c) 1998-2024 The Apache Software Foundation
2026-06-02 19:29:19,561 INFO o.a.j.JMeter: Version 5.6.3
2026-06-02 19:29:19,561 INFO o.a.j.JMeter: java.version=25.0.1
2026-06-02 19:29:19,562 INFO o.a.j.JMeter: java.vm.name=Java HotSpot(TM) 64-Bit Server VM
2026-06-02 19:29:19,562 INFO o.a.j.JMeter: os.name=Windows 11
2026-06-02 19:29:19,563 INFO o.a.j.JMeter: os.arch=amd64
2026-06-02 19:29:19,563 INFO o.a.j.JMeter: os.version=10.0
2026-06-02 19:29:19,563 INFO o.a.j.JMeter: file.encoding=UTF-8
2026-06-02 19:29:19,563 INFO o.a.j.JMeter: java.awt.headless=true
2026-06-02 19:29:19,563 INFO o.a.j.JMeter: Max memory     =1073741824
2026-06-02 19:29:19,564 INFO o.a.j.JMeter: Available Processors =8
2026-06-02 19:29:19,621 INFO o.a.j.JMeter: Default Locale=English (EN)
2026-06-02 19:29:19,621 INFO o.a.j.JMeter: JMeter  Locale=English (EN)
2026-06-02 19:29:19,623 INFO o.a.j.JMeter: JMeterHome=C:\Users\HP\Downloads\apache-jmeter-5.6.3\apache-jmeter-5.6.3
2026-06-02 19:29:19,623 INFO o.a.j.JMeter: user.dir  =C:\Users\HP\Desktop\UTEC\ArquiSoft\semana10\jmeter
2026-06-02 19:29:19,625 INFO o.a.j.JMeter: PWD       =C:\Users\HP\Desktop\UTEC\ArquiSoft\semana10\jmeter
2026-06-02 19:29:19,628 INFO o.a.j.JMeter: IP: 192.168.1.35 Name: DESKTOP-68UP0AB FullName: host.docker.internal
2026-06-02 19:29:19,675 INFO o.a.j.JMeter: Setting property 'jmeter.reportgenerator.outputdir' to:'C:\Users\HP\Desktop\UTEC\ArquiSoft\semana10\jmeter\report'
2026-06-02 19:29:19,683 INFO o.a.j.s.FileServer: Default base='C:\Users\HP\Desktop\UTEC\ArquiSoft\semana10\jmeter'
2026-06-02 19:29:19,686 INFO o.a.j.s.FileServer: Set new base='C:\Users\HP\Desktop\UTEC\ArquiSoft\semana10\jmeter'
2026-06-02 19:29:20,702 INFO o.a.j.s.SaveService: Testplan (JMX) version: 2.2. Testlog (JTL) version: 2.2
2026-06-02 19:29:20,772 INFO o.a.j.s.SaveService: Using SaveService properties version 5.0
2026-06-02 19:29:20,783 INFO o.a.j.s.SaveService: Using SaveService properties file encoding UTF-8
2026-06-02 19:29:20,796 INFO o.a.j.s.SaveService: Loading file: test_plan.jmx
2026-06-02 19:29:20,955 INFO o.a.j.p.h.s.HTTPSamplerBase: Parser for text/html is org.apache.jmeter.protocol.http.parser.LagartoBasedHtmlParser
2026-06-02 19:29:20,955 INFO o.a.j.p.h.s.HTTPSamplerBase: Parser for application/xhtml+xml is org.apache.jmeter.protocol.http.parser.LagartoBasedHtmlParser
2026-06-02 19:29:20,955 INFO o.a.j.p.h.s.HTTPSamplerBase: Parser for application/xml is org.apache.jmeter.protocol.http.parser.LagartoBasedHtmlParser
2026-06-02 19:29:20,955 INFO o.a.j.p.h.s.HTTPSamplerBase: Parser for text/xml is org.apache.jmeter.protocol.http.parser.LagartoBasedHtmlParser
2026-06-02 19:29:20,955 INFO o.a.j.p.h.s.HTTPSamplerBase: Parser for text/vnd.wap.wml is org.apache.jmeter.protocol.http.parser.RegexpHTMLParser
2026-06-02 19:29:20,956 INFO o.a.j.p.h.s.HTTPSamplerBase: Parser for text/css is org.apache.jmeter.protocol.http.parser.CssParser
2026-06-02 19:29:21,027 INFO o.a.j.JMeter: Creating summariser <summary>
2026-06-02 19:29:21,038 INFO o.a.j.r.d.ReportGenerator: ReportGenerator will use for Parsing the separator: ','
2026-06-02 19:29:21,038 INFO o.a.j.r.d.ReportGenerator: Will generate report at end of test from  results file: results.jtl
2026-06-02 19:29:21,038 INFO o.a.j.r.d.ReportGenerator: Reading report generator properties from: C:\Users\HP\Downloads\apache-jmeter-5.6.3\apache-jmeter-5.6.3\bin\reportgenerator.properties
2026-06-02 19:29:21,040 INFO o.a.j.r.d.ReportGenerator: Merging with JMeter properties
2026-06-02 19:29:21,063 INFO o.a.j.r.c.ReportGeneratorConfiguration: Property 'jmeter.reportgenerator.temp_dir' not found, using default value 'temp' instead.
2026-06-02 19:29:21,077 INFO o.a.j.r.c.ReportGeneratorConfiguration: Property 'jmeter.reportgenerator.apdex_per_transaction' not found, using default value 'null' instead.
2026-06-02 19:29:21,077 INFO o.a.j.r.c.ReportGeneratorConfiguration: apdex_per_transaction is empty, not APDEX per transaction customization
2026-06-02 19:29:21,078 INFO o.a.j.r.c.ReportGeneratorConfiguration: Property 'jmeter.reportgenerator.sample_filter' not found, using default value 'null' instead.
2026-06-02 19:29:21,080 INFO o.a.j.r.c.ReportGeneratorConfiguration: Property 'jmeter.reportgenerator.report_title' not found, using default value 'null' instead.
2026-06-02 19:29:21,081 INFO o.a.j.r.c.ReportGeneratorConfiguration: Property 'jmeter.reportgenerator.start_date' not found, using default value 'null' instead.
2026-06-02 19:29:21,082 INFO o.a.j.r.c.ReportGeneratorConfiguration: Property 'jmeter.reportgenerator.end_date' not found, using default value 'null' instead.
2026-06-02 19:29:21,084 INFO o.a.j.r.c.ReportGeneratorConfiguration: Property 'jmeter.reportgenerator.date_format' not found, using default value 'null' instead.
2026-06-02 19:29:21,085 INFO o.a.j.r.c.ReportGeneratorConfiguration: Will use date range start date: null, end date: null
2026-06-02 19:29:21,099 INFO o.a.j.r.c.ReportGeneratorConfiguration: Property 'jmeter.reportgenerator.graph.totalTPS.exclude_controllers' not found, using default value 'false' instead.
2026-06-02 19:29:21,100 INFO o.a.j.r.c.ReportGeneratorConfiguration: Property 'jmeter.reportgenerator.graph.activeThreadsOverTime.exclude_controllers' not found, using default value 'false' instead.
2026-06-02 19:29:21,100 INFO o.a.j.r.c.ReportGeneratorConfiguration: Property 'jmeter.reportgenerator.graph.timeVsThreads.exclude_controllers' not found, using default value 'false' instead.
2026-06-02 19:29:21,101 INFO o.a.j.r.c.ReportGeneratorConfiguration: Property 'jmeter.reportgenerator.graph.responseTimeDistribution.exclude_controllers' not found, using default value 'false' instead.
2026-06-02 19:29:21,101 INFO o.a.j.r.c.ReportGeneratorConfiguration: Property 'jmeter.reportgenerator.graph.transactionsPerSecond.exclude_controllers' not found, using default value 'false' instead.
2026-06-02 19:29:21,102 INFO o.a.j.r.c.ReportGeneratorConfiguration: Property 'jmeter.reportgenerator.graph.responseTimePercentiles.exclude_controllers' not found, using default value 'false' instead.
2026-06-02 19:29:21,102 INFO o.a.j.r.c.ReportGeneratorConfiguration: Property 'jmeter.reportgenerator.graph.responseTimePercentilesOverTime.exclude_controllers' not found, using default value 'false' instead.
2026-06-02 19:29:21,103 INFO o.a.j.r.c.ReportGeneratorConfiguration: Property 'jmeter.reportgenerator.graph.responseTimesOverTime.exclude_controllers' not found, using default value 'false' instead.
2026-06-02 19:29:21,103 INFO o.a.j.r.c.ReportGeneratorConfiguration: Property 'jmeter.reportgenerator.graph.connectTimeOverTime.exclude_controllers' not found, using default value 'false' instead.
2026-06-02 19:29:21,103 INFO o.a.j.r.c.ReportGeneratorConfiguration: Property 'jmeter.reportgenerator.graph.latenciesOverTime.exclude_controllers' not found, using default value 'false' instead.
2026-06-02 19:29:21,106 INFO o.a.j.r.c.ReportGeneratorConfiguration: Property 'jmeter.reportgenerator.exporter.json.filters_only_sample_series' not found, using default value 'true' instead.
2026-06-02 19:29:21,106 INFO o.a.j.r.c.ReportGeneratorConfiguration: Property 'jmeter.reportgenerator.exporter.json.series_filter' not found, using default value '' instead.
2026-06-02 19:29:21,107 INFO o.a.j.r.c.ReportGeneratorConfiguration: Property 'jmeter.reportgenerator.exporter.json.show_controllers_only' not found, using default value 'false' instead.
2026-06-02 19:29:21,108 INFO o.a.j.r.c.ReportGeneratorConfiguration: Property 'jmeter.reportgenerator.exporter.html.filters_only_sample_series' not found, using default value 'true' instead.
2026-06-02 19:29:21,108 INFO o.a.j.r.c.ReportGeneratorConfiguration: Property 'jmeter.reportgenerator.exporter.html.series_filter' not found, using default value '' instead.
2026-06-02 19:29:21,108 INFO o.a.j.r.c.ReportGeneratorConfiguration: Property 'jmeter.reportgenerator.exporter.html.show_controllers_only' not found, using default value 'false' instead.
2026-06-02 19:29:21,162 INFO o.a.j.e.StandardJMeterEngine: Running the test!
2026-06-02 19:29:21,165 INFO o.a.j.s.SampleEvent: List of sample_variables: []
2026-06-02 19:29:21,165 INFO o.a.j.s.SampleEvent: List of sample_variables: []
2026-06-02 19:29:21,177 INFO o.a.j.e.u.CompoundVariable: Note: Function class names must contain the string: '.functions.'
2026-06-02 19:29:21,178 INFO o.a.j.e.u.CompoundVariable: Note: Function class names must not contain the string: '.gui.'
2026-06-02 19:29:21,423 INFO o.a.j.JMeter: Running test (1780446561422)
2026-06-02 19:29:21,461 INFO o.a.j.e.StandardJMeterEngine: Starting ThreadGroup: 1 : Search API Load Test
2026-06-02 19:29:21,462 INFO o.a.j.e.StandardJMeterEngine: Starting 100 threads for group Search API Load Test.
2026-06-02 19:29:21,462 INFO o.a.j.e.StandardJMeterEngine: Thread will continue on error
2026-06-02 19:29:21,462 INFO o.a.j.t.ThreadGroup: Starting thread group... number=1 threads=100 ramp-up=60 delayedStart=false
2026-06-02 19:29:21,610 INFO o.a.j.t.ThreadGroup: Started thread group number 1
2026-06-02 19:29:21,610 INFO o.a.j.e.StandardJMeterEngine: All thread groups have been started
2026-06-02 19:29:21,819 INFO o.a.j.t.JMeterThread: Thread started: Search API Load Test 1-1
2026-06-02 19:29:21,824 INFO o.a.j.s.FileServer: Stored: pokemon_names.csv
2026-06-02 19:29:21,968 INFO o.a.j.p.h.s.HTTPHCAbstractImpl: Local host = DESKTOP-68UP0AB
2026-06-02 19:29:22,005 INFO o.a.j.p.h.s.HTTPHC4Impl: HTTP request retry count = 0
2026-06-02 19:29:22,009 INFO o.a.j.s.SampleResult: Note: Sample TimeStamps are START times
2026-06-02 19:29:22,010 INFO o.a.j.s.SampleResult: sampleresult.default.encoding is set to UTF-8
2026-06-02 19:29:22,011 INFO o.a.j.s.SampleResult: sampleresult.useNanoTime=true
2026-06-02 19:29:22,012 INFO o.a.j.s.SampleResult: sampleresult.nanoThreadSleep=5000
2026-06-02 19:29:22,428 INFO o.a.j.t.JMeterThread: Thread started: Search API Load Test 1-2
2026-06-02 19:29:23,010 INFO o.a.j.t.JMeterThread: Thread started: Search API Load Test 1-3
2026-06-02 19:29:23,620 INFO o.a.j.t.JMeterThread: Thread started: Search API Load Test 1-4
2026-06-02 19:29:24,280 INFO o.a.j.t.JMeterThread: Thread started: Search API Load Test 1-5
2026-06-02 19:29:24,885 INFO o.a.j.t.JMeterThread: Thread started: Search API Load Test 1-6
2026-06-02 19:29:25,415 INFO o.a.j.t.JMeterThread: Thread started: Search API Load Test 1-7
2026-06-02 19:29:26,013 INFO o.a.j.t.JMeterThread: Thread started: Search API Load Test 1-8
2026-06-02 19:29:26,630 INFO o.a.j.t.JMeterThread: Thread started: Search API Load Test 1-9
2026-06-02 19:29:27,200 INFO o.a.j.t.JMeterThread: Thread started: Search API Load Test 1-10
2026-06-02 19:29:27,880 INFO o.a.j.t.JMeterThread: Thread started: Search API Load Test 1-11
2026-06-02 19:29:28,402 INFO o.a.j.t.JMeterThread: Thread started: Search API Load Test 1-12
2026-06-02 19:29:29,000 INFO o.a.j.t.JMeterThread: Thread started: Search API Load Test 1-13
2026-06-02 19:29:29,595 INFO o.a.j.t.JMeterThread: Thread started: Search API Load Test 1-14
2026-06-02 19:29:30,269 INFO o.a.j.t.JMeterThread: Thread started: Search API Load Test 1-15
2026-06-02 19:29:30,794 INFO o.a.j.t.JMeterThread: Thread started: Search API Load Test 1-16
2026-06-02 19:29:31,465 INFO o.a.j.t.JMeterThread: Thread started: Search API Load Test 1-17
2026-06-02 19:29:32,005 INFO o.a.j.t.JMeterThread: Thread started: Search API Load Test 1-18
2026-06-02 19:29:32,663 INFO o.a.j.t.JMeterThread: Thread started: Search API Load Test 1-19
2026-06-02 19:29:33,270 INFO o.a.j.t.JMeterThread: Thread started: Search API Load Test 1-20
2026-06-02 19:29:33,790 INFO o.a.j.t.JMeterThread: Thread started: Search API Load Test 1-21
2026-06-02 19:29:34,385 INFO o.a.j.t.JMeterThread: Thread started: Search API Load Test 1-22
2026-06-02 19:29:35,052 INFO o.a.j.t.JMeterThread: Thread started: Search API Load Test 1-23
2026-06-02 19:29:35,665 INFO o.a.j.t.JMeterThread: Thread started: Search API Load Test 1-24
2026-06-02 19:29:36,182 INFO o.a.j.t.JMeterThread: Thread started: Search API Load Test 1-25
2026-06-02 19:29:36,783 INFO o.a.j.t.JMeterThread: Thread started: Search API Load Test 1-26
2026-06-02 19:29:37,455 INFO o.a.j.t.JMeterThread: Thread started: Search API Load Test 1-27
2026-06-02 19:29:38,055 INFO o.a.j.t.JMeterThread: Thread started: Search API Load Test 1-28
2026-06-02 19:29:38,645 INFO o.a.j.t.JMeterThread: Thread started: Search API Load Test 1-29
2026-06-02 19:29:39,183 INFO o.a.j.t.JMeterThread: Thread started: Search API Load Test 1-30
2026-06-02 19:29:39,847 INFO o.a.j.t.JMeterThread: Thread started: Search API Load Test 1-31
2026-06-02 19:29:40,446 INFO o.a.j.t.JMeterThread: Thread started: Search API Load Test 1-32
2026-06-02 19:29:40,977 INFO o.a.j.t.JMeterThread: Thread started: Search API Load Test 1-33
2026-06-02 19:29:41,579 INFO o.a.j.t.JMeterThread: Thread started: Search API Load Test 1-34
2026-06-02 19:29:42,251 INFO o.a.j.t.JMeterThread: Thread started: Search API Load Test 1-35
2026-06-02 19:29:42,854 INFO o.a.j.t.JMeterThread: Thread started: Search API Load Test 1-36
2026-06-02 19:29:43,445 INFO o.a.j.t.JMeterThread: Thread started: Search API Load Test 1-37
2026-06-02 19:29:44,045 INFO o.a.j.t.JMeterThread: Thread started: Search API Load Test 1-38
2026-06-02 19:29:44,577 INFO o.a.j.t.JMeterThread: Thread started: Search API Load Test 1-39
2026-06-02 19:29:45,250 INFO o.a.j.t.JMeterThread: Thread started: Search API Load Test 1-40
2026-06-02 19:29:45,769 INFO o.a.j.t.JMeterThread: Thread started: Search API Load Test 1-41
2026-06-02 19:29:46,371 INFO o.a.j.t.JMeterThread: Thread started: Search API Load Test 1-42
2026-06-02 19:29:47,004 INFO o.a.j.t.JMeterThread: Thread started: Search API Load Test 1-43
2026-06-02 19:29:47,574 INFO o.a.j.t.JMeterThread: Thread started: Search API Load Test 1-44
2026-06-02 19:29:48,174 INFO o.a.j.t.JMeterThread: Thread started: Search API Load Test 1-45
2026-06-02 19:29:48,848 INFO o.a.j.t.JMeterThread: Thread started: Search API Load Test 1-46
2026-06-02 19:29:49,446 INFO o.a.j.t.JMeterThread: Thread started: Search API Load Test 1-47
2026-06-02 19:29:50,038 INFO o.a.j.t.JMeterThread: Thread started: Search API Load Test 1-48
2026-06-02 19:29:50,562 INFO o.a.j.t.JMeterThread: Thread started: Search API Load Test 1-49
2026-06-02 19:29:51,168 INFO o.a.j.t.JMeterThread: Thread started: Search API Load Test 1-50
2026-06-02 19:29:51,840 INFO o.a.j.t.JMeterThread: Thread started: Search API Load Test 1-51
2026-06-02 19:29:52,372 INFO o.a.j.t.JMeterThread: Thread started: Search API Load Test 1-52
2026-06-02 19:29:53,022 INFO o.a.j.t.JMeterThread: Thread started: Search API Load Test 1-53
2026-06-02 19:29:53,589 INFO o.a.j.t.JMeterThread: Thread started: Search API Load Test 1-54
2026-06-02 19:29:54,167 INFO o.a.j.t.JMeterThread: Thread started: Search API Load Test 1-55
2026-06-02 19:29:54,775 INFO o.a.j.t.JMeterThread: Thread started: Search API Load Test 1-56
2026-06-02 19:29:55,375 INFO o.a.j.t.JMeterThread: Thread started: Search API Load Test 1-57
2026-06-02 19:29:55,984 INFO o.a.j.t.JMeterThread: Thread started: Search API Load Test 1-58
2026-06-02 19:29:56,618 INFO o.a.j.t.JMeterThread: Thread started: Search API Load Test 1-59
2026-06-02 19:29:57,152 INFO o.a.j.t.JMeterThread: Thread started: Search API Load Test 1-60
2026-06-02 19:29:57,748 INFO o.a.j.t.JMeterThread: Thread started: Search API Load Test 1-61
2026-06-02 19:29:58,419 INFO o.a.j.t.JMeterThread: Thread started: Search API Load Test 1-62
2026-06-02 19:29:59,012 INFO o.a.j.t.JMeterThread: Thread started: Search API Load Test 1-63
2026-06-02 19:29:59,611 INFO o.a.j.t.JMeterThread: Thread started: Search API Load Test 1-64
2026-06-02 19:30:00,130 INFO o.a.j.t.JMeterThread: Thread started: Search API Load Test 1-65
2026-06-02 19:30:00,298 INFO o.a.j.r.Summariser: summary +     54 in 00:00:39 =    1.4/s Avg: 15129 Min: 14988 Max: 15479 Err:    54 (100.00%) Active: 65 Started: 65 Finished: 0
2026-06-02 19:30:00,793 INFO o.a.j.t.JMeterThread: Thread started: Search API Load Test 1-66
2026-06-02 19:30:01,404 INFO o.a.j.t.JMeterThread: Thread started: Search API Load Test 1-67
2026-06-02 19:30:02,004 INFO o.a.j.t.JMeterThread: Thread started: Search API Load Test 1-68
2026-06-02 19:30:02,525 INFO o.a.j.t.JMeterThread: Thread started: Search API Load Test 1-69
2026-06-02 19:30:03,134 INFO o.a.j.t.JMeterThread: Thread started: Search API Load Test 1-70
2026-06-02 19:30:03,781 INFO o.a.j.t.JMeterThread: Thread started: Search API Load Test 1-71
2026-06-02 19:30:04,394 INFO o.a.j.t.JMeterThread: Thread started: Search API Load Test 1-72
2026-06-02 19:30:04,912 INFO o.a.j.t.JMeterThread: Thread started: Search API Load Test 1-73
2026-06-02 19:30:05,525 INFO o.a.j.t.JMeterThread: Thread started: Search API Load Test 1-74
2026-06-02 19:30:06,136 INFO o.a.j.t.JMeterThread: Thread started: Search API Load Test 1-75
2026-06-02 19:30:06,738 INFO o.a.j.t.JMeterThread: Thread started: Search API Load Test 1-76
2026-06-02 19:30:07,307 INFO o.a.j.t.JMeterThread: Thread started: Search API Load Test 1-77
2026-06-02 19:30:07,919 INFO o.a.j.t.JMeterThread: Thread started: Search API Load Test 1-78
2026-06-02 19:30:08,541 INFO o.a.j.t.JMeterThread: Thread started: Search API Load Test 1-79
2026-06-02 19:30:09,183 INFO o.a.j.t.JMeterThread: Thread started: Search API Load Test 1-80
2026-06-02 19:30:09,735 INFO o.a.j.t.JMeterThread: Thread started: Search API Load Test 1-81
2026-06-02 19:30:10,369 INFO o.a.j.t.JMeterThread: Thread started: Search API Load Test 1-82
2026-06-02 19:30:10,981 INFO o.a.j.t.JMeterThread: Thread started: Search API Load Test 1-83
2026-06-02 19:30:11,504 INFO o.a.j.t.JMeterThread: Thread started: Search API Load Test 1-84
2026-06-02 19:30:12,178 INFO o.a.j.t.JMeterThread: Thread started: Search API Load Test 1-85
2026-06-02 19:30:12,704 INFO o.a.j.t.JMeterThread: Thread started: Search API Load Test 1-86
2026-06-02 19:30:13,377 INFO o.a.j.t.JMeterThread: Thread started: Search API Load Test 1-87
2026-06-02 19:30:13,917 INFO o.a.j.t.JMeterThread: Thread started: Search API Load Test 1-88
2026-06-02 19:30:14,519 INFO o.a.j.t.JMeterThread: Thread started: Search API Load Test 1-89
2026-06-02 19:30:15,097 INFO o.a.j.t.JMeterThread: Thread started: Search API Load Test 1-90
2026-06-02 19:30:15,715 INFO o.a.j.t.JMeterThread: Thread started: Search API Load Test 1-91
2026-06-02 19:30:16,322 INFO o.a.j.t.JMeterThread: Thread started: Search API Load Test 1-92
2026-06-02 19:30:16,924 INFO o.a.j.t.JMeterThread: Thread started: Search API Load Test 1-93
2026-06-02 19:30:17,556 INFO o.a.j.t.JMeterThread: Thread started: Search API Load Test 1-94
2026-06-02 19:30:18,105 INFO o.a.j.t.JMeterThread: Thread started: Search API Load Test 1-95
2026-06-02 19:30:18,772 INFO o.a.j.t.JMeterThread: Thread started: Search API Load Test 1-96
2026-06-02 19:30:19,276 INFO o.a.j.t.JMeterThread: Thread started: Search API Load Test 1-97
2026-06-02 19:30:19,880 INFO o.a.j.t.JMeterThread: Thread started: Search API Load Test 1-98
2026-06-02 19:30:20,555 INFO o.a.j.t.JMeterThread: Thread started: Search API Load Test 1-99
2026-06-02 19:30:21,093 INFO o.a.j.t.JMeterThread: Thread started: Search API Load Test 1-100
2026-06-02 19:30:30,062 INFO o.a.j.r.Summariser: summary +    150 in 00:00:30 =    5.0/s Avg: 15155 Min: 14971 Max: 15436 Err:   150 (100.00%) Active: 100 Started: 100 Finished: 0
2026-06-02 19:30:30,063 INFO o.a.j.r.Summariser: summary =    204 in 00:01:09 =    3.0/s Avg: 15148 Min: 14971 Max: 15479 Err:   204 (100.00%)
2026-06-02 19:31:00,040 INFO o.a.j.r.Summariser: summary +    196 in 00:00:30 =    6.5/s Avg: 15175 Min: 14983 Max: 15407 Err:   196 (100.00%) Active: 100 Started: 100 Finished: 0
2026-06-02 19:31:00,041 INFO o.a.j.r.Summariser: summary =    400 in 00:01:39 =    4.1/s Avg: 15161 Min: 14971 Max: 15479 Err:   400 (100.00%)
2026-06-02 19:31:30,631 INFO o.a.j.r.Summariser: summary +    200 in 00:00:31 =    6.5/s Avg: 15207 Min: 14977 Max: 15615 Err:   200 (100.00%) Active: 100 Started: 100 Finished: 0
2026-06-02 19:31:30,631 INFO o.a.j.r.Summariser: summary =    600 in 00:02:09 =    4.6/s Avg: 15177 Min: 14971 Max: 15615 Err:   600 (100.00%)
2026-06-02 19:32:00,531 INFO o.a.j.r.Summariser: summary +    196 in 00:00:30 =    6.6/s Avg: 15294 Min: 15012 Max: 15750 Err:   196 (100.00%) Active: 100 Started: 100 Finished: 0
2026-06-02 19:32:00,533 INFO o.a.j.r.Summariser: summary =    796 in 00:02:39 =    5.0/s Avg: 15206 Min: 14971 Max: 15750 Err:   796 (100.00%)
2026-06-02 19:32:30,185 INFO o.a.j.r.Summariser: summary +    185 in 00:00:30 =    6.2/s Avg: 15570 Min: 15058 Max: 16178 Err:   185 (100.00%) Active: 100 Started: 100 Finished: 0
2026-06-02 19:32:30,188 INFO o.a.j.r.Summariser: summary =    981 in 00:03:09 =    5.2/s Avg: 15274 Min: 14971 Max: 16178 Err:   981 (100.00%)
2026-06-02 19:33:00,970 INFO o.a.j.r.Summariser: summary +    200 in 00:00:31 =    6.5/s Avg: 15563 Min: 15002 Max: 16339 Err:   200 (100.00%) Active: 100 Started: 100 Finished: 0
2026-06-02 19:33:00,971 INFO o.a.j.r.Summariser: summary =   1181 in 00:03:40 =    5.4/s Avg: 15323 Min: 14971 Max: 16339 Err:  1181 (100.00%)
2026-06-02 19:33:30,095 INFO o.a.j.r.Summariser: summary +    196 in 00:00:29 =    6.7/s Avg: 15388 Min: 14969 Max: 15759 Err:   196 (100.00%) Active: 100 Started: 100 Finished: 0
2026-06-02 19:33:30,096 INFO o.a.j.r.Summariser: summary =   1377 in 00:04:09 =    5.5/s Avg: 15332 Min: 14969 Max: 16339 Err:  1377 (100.00%)
2026-06-02 19:34:00,027 INFO o.a.j.r.Summariser: summary +    191 in 00:00:30 =    6.4/s Avg: 15366 Min: 14975 Max: 15994 Err:   191 (100.00%) Active: 100 Started: 100 Finished: 0
2026-06-02 19:34:00,028 INFO o.a.j.r.Summariser: summary =   1568 in 00:04:39 =    5.6/s Avg: 15336 Min: 14969 Max: 16339 Err:  1568 (100.00%)
2026-06-02 19:34:31,494 INFO o.a.j.r.Summariser: summary +    184 in 00:00:31 =    5.8/s Avg: 15785 Min: 14995 Max: 19660 Err:   184 (100.00%) Active: 100 Started: 100 Finished: 0
2026-06-02 19:34:31,494 INFO o.a.j.r.Summariser: summary =   1752 in 00:05:10 =    5.7/s Avg: 15384 Min: 14969 Max: 19660 Err:  1752 (100.00%)
2026-06-02 19:35:01,990 INFO o.a.j.r.Summariser: summary +    200 in 00:00:30 =    6.6/s Avg: 15747 Min: 15014 Max: 16404 Err:   200 (100.00%) Active: 100 Started: 100 Finished: 0
2026-06-02 19:35:01,991 INFO o.a.j.r.Summariser: summary =   1952 in 00:05:41 =    5.7/s Avg: 15421 Min: 14969 Max: 19660 Err:  1952 (100.00%)
2026-06-02 19:35:30,547 INFO o.a.j.r.Summariser: summary +    171 in 00:00:29 =    6.0/s Avg: 16266 Min: 15116 Max: 17420 Err:   171 (100.00%) Active: 100 Started: 100 Finished: 0
2026-06-02 19:35:30,550 INFO o.a.j.r.Summariser: summary =   2123 in 00:06:09 =    5.8/s Avg: 15489 Min: 14969 Max: 19660 Err:  2123 (100.00%)
2026-06-02 19:36:04,802 INFO o.a.j.r.Summariser: summary +    200 in 00:00:34 =    5.8/s Avg: 16287 Min: 15092 Max: 17373 Err:   200 (100.00%) Active: 100 Started: 100 Finished: 0
2026-06-02 19:36:04,803 INFO o.a.j.r.Summariser: summary =   2323 in 00:06:43 =    5.8/s Avg: 15558 Min: 14969 Max: 19660 Err:  2323 (100.00%)
2026-06-02 19:36:30,749 INFO o.a.j.r.Summariser: summary +    175 in 00:00:26 =    6.7/s Avg: 16442 Min: 14992 Max: 17591 Err:   175 (100.00%) Active: 100 Started: 100 Finished: 0
2026-06-02 19:36:30,750 INFO o.a.j.r.Summariser: summary =   2498 in 00:07:09 =    5.8/s Avg: 15620 Min: 14969 Max: 19660 Err:  2498 (100.00%)
2026-06-02 19:37:00,485 INFO o.a.j.r.Summariser: summary +    197 in 00:00:30 =    6.6/s Avg: 15967 Min: 14983 Max: 16941 Err:   197 (100.00%) Active: 100 Started: 100 Finished: 0
2026-06-02 19:37:00,486 INFO o.a.j.r.Summariser: summary =   2695 in 00:07:39 =    5.9/s Avg: 15645 Min: 14969 Max: 19660 Err:  2695 (100.00%)
2026-06-02 19:37:30,163 INFO o.a.j.r.Summariser: summary +    199 in 00:00:30 =    6.7/s Avg: 15540 Min: 15019 Max: 16383 Err:   199 (100.00%) Active: 100 Started: 100 Finished: 0
2026-06-02 19:37:30,164 INFO o.a.j.r.Summariser: summary =   2894 in 00:08:09 =    5.9/s Avg: 15638 Min: 14969 Max: 19660 Err:  2894 (100.00%)
2026-06-02 19:38:00,303 INFO o.a.j.r.Summariser: summary +    178 in 00:00:30 =    5.9/s Avg: 15522 Min: 15018 Max: 16496 Err:   178 (100.00%) Active: 100 Started: 100 Finished: 0
2026-06-02 19:38:00,304 INFO o.a.j.r.Summariser: summary =   3072 in 00:08:39 =    5.9/s Avg: 15631 Min: 14969 Max: 19660 Err:  3072 (100.00%)
2026-06-02 19:38:30,029 INFO o.a.j.r.Summariser: summary +    183 in 00:00:30 =    6.2/s Avg: 16506 Min: 15013 Max: 18770 Err:   183 (100.00%) Active: 100 Started: 100 Finished: 0
2026-06-02 19:38:30,030 INFO o.a.j.r.Summariser: summary =   3255 in 00:09:09 =    5.9/s Avg: 15680 Min: 14969 Max: 19660 Err:  3255 (100.00%)
2026-06-02 19:39:00,035 INFO o.a.j.r.Summariser: summary +    192 in 00:00:30 =    6.4/s Avg: 15192 Min: 14978 Max: 15421 Err:   192 (100.00%) Active: 100 Started: 100 Finished: 0
2026-06-02 19:39:00,038 INFO o.a.j.r.Summariser: summary =   3447 in 00:09:39 =    6.0/s Avg: 15653 Min: 14969 Max: 19660 Err:  3447 (100.00%)
2026-06-02 19:39:30,073 INFO o.a.j.r.Summariser: summary +    182 in 00:00:30 =    6.1/s Avg: 16740 Min: 15128 Max: 18808 Err:   182 (100.00%) Active: 100 Started: 100 Finished: 0
2026-06-02 19:39:30,076 INFO o.a.j.r.Summariser: summary =   3629 in 00:10:09 =    6.0/s Avg: 15707 Min: 14969 Max: 19660 Err:  3629 (100.00%)
2026-06-02 19:40:00,187 INFO o.a.j.r.Summariser: summary +    195 in 00:00:30 =    6.5/s Avg: 16358 Min: 15100 Max: 18640 Err:   195 (100.00%) Active: 100 Started: 100 Finished: 0
2026-06-02 19:40:00,188 INFO o.a.j.r.Summariser: summary =   3824 in 00:10:39 =    6.0/s Avg: 15741 Min: 14969 Max: 19660 Err:  3824 (100.00%)
2026-06-02 19:40:30,022 INFO o.a.j.r.Summariser: summary +    197 in 00:00:30 =    6.6/s Avg: 15280 Min: 14990 Max: 15620 Err:   197 (100.00%) Active: 100 Started: 100 Finished: 0
2026-06-02 19:40:30,023 INFO o.a.j.r.Summariser: summary =   4021 in 00:11:09 =    6.0/s Avg: 15718 Min: 14969 Max: 19660 Err:  4021 (100.00%)
2026-06-02 19:41:00,041 INFO o.a.j.r.Summariser: summary +    194 in 00:00:30 =    6.5/s Avg: 16260 Min: 14994 Max: 20018 Err:   194 (100.00%) Active: 100 Started: 100 Finished: 0
2026-06-02 19:41:00,043 INFO o.a.j.r.Summariser: summary =   4215 in 00:11:39 =    6.0/s Avg: 15743 Min: 14969 Max: 20018 Err:  4215 (100.00%)
2026-06-02 19:41:30,039 INFO o.a.j.r.Summariser: summary +    167 in 00:00:30 =    5.6/s Avg: 15744 Min: 14992 Max: 19373 Err:   167 (100.00%) Active: 100 Started: 100 Finished: 0
2026-06-02 19:41:30,040 INFO o.a.j.r.Summariser: summary =   4382 in 00:12:09 =    6.0/s Avg: 15743 Min: 14969 Max: 20018 Err:  4382 (100.00%)
2026-06-02 19:42:00,013 INFO o.a.j.r.Summariser: summary +    195 in 00:00:30 =    6.5/s Avg: 15624 Min: 15000 Max: 16485 Err:   195 (100.00%) Active: 100 Started: 100 Finished: 0
2026-06-02 19:42:00,016 INFO o.a.j.r.Summariser: summary =   4577 in 00:12:39 =    6.0/s Avg: 15738 Min: 14969 Max: 20018 Err:  4577 (100.00%)
2026-06-02 19:42:31,289 INFO o.a.j.r.Summariser: summary +    159 in 00:00:31 =    5.1/s Avg: 17707 Min: 14989 Max: 20005 Err:   159 (100.00%) Active: 100 Started: 100 Finished: 0
2026-06-02 19:42:31,290 INFO o.a.j.r.Summariser: summary =   4736 in 00:13:10 =    6.0/s Avg: 15804 Min: 14969 Max: 20018 Err:  4736 (100.00%)
2026-06-02 19:43:02,576 INFO o.a.j.r.Summariser: summary +    200 in 00:00:31 =    6.4/s Avg: 16427 Min: 15078 Max: 17748 Err:   200 (100.00%) Active: 100 Started: 100 Finished: 0
2026-06-02 19:43:02,576 INFO o.a.j.r.Summariser: summary =   4936 in 00:13:41 =    6.0/s Avg: 15829 Min: 14969 Max: 20018 Err:  4936 (100.00%)
2026-06-02 19:43:32,040 INFO o.a.j.r.Summariser: summary +    161 in 00:00:29 =    5.5/s Avg: 16772 Min: 15053 Max: 18477 Err:   161 (100.00%) Active: 100 Started: 100 Finished: 0
2026-06-02 19:43:32,043 INFO o.a.j.r.Summariser: summary =   5097 in 00:14:11 =    6.0/s Avg: 15859 Min: 14969 Max: 20018 Err:  5097 (100.00%)
2026-06-02 19:44:00,097 INFO o.a.j.r.Summariser: summary +    172 in 00:00:28 =    6.1/s Avg: 17310 Min: 15181 Max: 18550 Err:   172 (100.00%) Active: 100 Started: 100 Finished: 0
2026-06-02 19:44:00,099 INFO o.a.j.r.Summariser: summary =   5269 in 00:14:39 =    6.0/s Avg: 15907 Min: 14969 Max: 20018 Err:  5269 (100.00%)
2026-06-02 19:44:30,540 INFO o.a.j.r.Summariser: summary +    198 in 00:00:30 =    6.5/s Avg: 17588 Min: 15073 Max: 20003 Err:   198 (100.00%) Active: 100 Started: 100 Finished: 0
2026-06-02 19:44:30,541 INFO o.a.j.r.Summariser: summary =   5467 in 00:15:09 =    6.0/s Avg: 15967 Min: 14969 Max: 20018 Err:  5467 (100.00%)
2026-06-02 19:45:00,127 INFO o.a.j.r.Summariser: summary +    165 in 00:00:30 =    5.6/s Avg: 16157 Min: 15042 Max: 17307 Err:   165 (100.00%) Active: 100 Started: 100 Finished: 0
2026-06-02 19:45:00,129 INFO o.a.j.r.Summariser: summary =   5632 in 00:15:39 =    6.0/s Avg: 15973 Min: 14969 Max: 20018 Err:  5632 (100.00%)
2026-06-02 19:45:30,003 INFO o.a.j.r.Summariser: summary +    190 in 00:00:30 =    6.4/s Avg: 16101 Min: 15101 Max: 17291 Err:   190 (100.00%) Active: 100 Started: 100 Finished: 0
2026-06-02 19:45:30,004 INFO o.a.j.r.Summariser: summary =   5822 in 00:16:09 =    6.0/s Avg: 15977 Min: 14969 Max: 20018 Err:  5822 (100.00%)
2026-06-02 19:46:00,209 INFO o.a.j.r.Summariser: summary +    189 in 00:00:30 =    6.3/s Avg: 15684 Min: 14996 Max: 16535 Err:   189 (100.00%) Active: 100 Started: 100 Finished: 0
2026-06-02 19:46:00,210 INFO o.a.j.r.Summariser: summary =   6011 in 00:16:39 =    6.0/s Avg: 15968 Min: 14969 Max: 20018 Err:  6011 (100.00%)
2026-06-02 19:46:30,019 INFO o.a.j.r.Summariser: summary +    198 in 00:00:30 =    6.6/s Avg: 15459 Min: 15032 Max: 16298 Err:   198 (100.00%) Active: 100 Started: 100 Finished: 0
2026-06-02 19:46:30,019 INFO o.a.j.r.Summariser: summary =   6209 in 00:17:09 =    6.0/s Avg: 15952 Min: 14969 Max: 20018 Err:  6209 (100.00%)
2026-06-02 19:47:00,132 INFO o.a.j.r.Summariser: summary +    197 in 00:00:30 =    6.5/s Avg: 15155 Min: 14978 Max: 15376 Err:   197 (100.00%) Active: 100 Started: 100 Finished: 0
2026-06-02 19:47:00,133 INFO o.a.j.r.Summariser: summary =   6406 in 00:17:39 =    6.1/s Avg: 15927 Min: 14969 Max: 20018 Err:  6406 (100.00%)
2026-06-02 19:47:30,287 INFO o.a.j.r.Summariser: summary +    199 in 00:00:30 =    6.6/s Avg: 15140 Min: 14978 Max: 15326 Err:   199 (100.00%) Active: 100 Started: 100 Finished: 0
2026-06-02 19:47:30,288 INFO o.a.j.r.Summariser: summary =   6605 in 00:18:09 =    6.1/s Avg: 15903 Min: 14969 Max: 20018 Err:  6605 (100.00%)
2026-06-02 19:48:00,409 INFO o.a.j.r.Summariser: summary +    199 in 00:00:30 =    6.6/s Avg: 15200 Min: 14976 Max: 15377 Err:   199 (100.00%) Active: 100 Started: 100 Finished: 0
2026-06-02 19:48:00,554 INFO o.a.j.r.Summariser: summary =   6804 in 00:18:39 =    6.1/s Avg: 15883 Min: 14969 Max: 20018 Err:  6804 (100.00%)
2026-06-02 19:48:31,624 INFO o.a.j.r.Summariser: summary +    200 in 00:00:31 =    6.4/s Avg: 15463 Min: 15052 Max: 16430 Err:   200 (100.00%) Active: 100 Started: 100 Finished: 0
2026-06-02 19:48:31,625 INFO o.a.j.r.Summariser: summary =   7004 in 00:19:10 =    6.1/s Avg: 15871 Min: 14969 Max: 20018 Err:  7004 (100.00%)
2026-06-02 19:49:02,213 INFO o.a.j.r.Summariser: summary +    200 in 00:00:31 =    6.5/s Avg: 15225 Min: 14950 Max: 15425 Err:   200 (100.00%) Active: 100 Started: 100 Finished: 0
2026-06-02 19:49:02,214 INFO o.a.j.r.Summariser: summary =   7204 in 00:19:41 =    6.1/s Avg: 15853 Min: 14950 Max: 20018 Err:  7204 (100.00%)
2026-06-02 19:49:30,159 INFO o.a.j.r.Summariser: summary +    195 in 00:00:28 =    7.0/s Avg: 15373 Min: 15070 Max: 15814 Err:   195 (100.00%) Active: 100 Started: 100 Finished: 0
2026-06-02 19:49:30,161 INFO o.a.j.r.Summariser: summary =   7399 in 00:20:09 =    6.1/s Avg: 15840 Min: 14950 Max: 20018 Err:  7399 (100.00%)
2026-06-02 19:50:00,273 INFO o.a.j.r.Summariser: summary +    199 in 00:00:30 =    6.6/s Avg: 15214 Min: 14970 Max: 15544 Err:   199 (100.00%) Active: 100 Started: 100 Finished: 0
2026-06-02 19:50:00,274 INFO o.a.j.r.Summariser: summary =   7598 in 00:20:39 =    6.1/s Avg: 15824 Min: 14950 Max: 20018 Err:  7598 (100.00%)
2026-06-02 19:50:31,688 INFO o.a.j.r.Summariser: summary +    169 in 00:00:31 =    5.4/s Avg: 16091 Min: 15339 Max: 18596 Err:   169 (100.00%) Active: 100 Started: 100 Finished: 0
2026-06-02 19:50:31,697 INFO o.a.j.r.Summariser: summary =   7767 in 00:21:10 =    6.1/s Avg: 15830 Min: 14950 Max: 20018 Err:  7767 (100.00%)
2026-06-02 19:51:02,020 INFO o.a.j.r.Summariser: summary +    139 in 00:00:30 =    4.6/s Avg: 19150 Min: 15388 Max: 20016 Err:   139 (100.00%) Active: 100 Started: 100 Finished: 0
2026-06-02 19:51:02,021 INFO o.a.j.r.Summariser: summary =   7906 in 00:21:41 =    6.1/s Avg: 15888 Min: 14950 Max: 20018 Err:  7906 (100.00%)
2026-06-02 19:51:31,697 INFO o.a.j.r.Summariser: summary +    161 in 00:00:30 =    5.4/s Avg: 19994 Min: 17698 Max: 20190 Err:   161 (100.00%) Active: 100 Started: 100 Finished: 0
2026-06-02 19:51:31,706 INFO o.a.j.r.Summariser: summary =   8067 in 00:22:10 =    6.1/s Avg: 15970 Min: 14950 Max: 20190 Err:  8067 (100.00%)
2026-06-02 19:52:02,025 INFO o.a.j.r.Summariser: summary +    139 in 00:00:30 =    4.6/s Avg: 20007 Min: 20001 Max: 20277 Err:   139 (100.00%) Active: 100 Started: 100 Finished: 0
2026-06-02 19:52:02,029 INFO o.a.j.r.Summariser: summary =   8206 in 00:22:41 =    6.0/s Avg: 16038 Min: 14950 Max: 20277 Err:  8206 (100.00%)
2026-06-02 19:52:31,714 INFO o.a.j.r.Summariser: summary +    161 in 00:00:30 =    5.4/s Avg: 20003 Min: 20001 Max: 20022 Err:   161 (100.00%) Active: 100 Started: 100 Finished: 0
2026-06-02 19:52:31,741 INFO o.a.j.r.Summariser: summary =   8367 in 00:23:10 =    6.0/s Avg: 16115 Min: 14950 Max: 20277 Err:  8367 (100.00%)
2026-06-02 19:53:02,041 INFO o.a.j.r.Summariser: summary +    139 in 00:00:30 =    4.6/s Avg: 20003 Min: 20001 Max: 20014 Err:   139 (100.00%) Active: 100 Started: 100 Finished: 0
2026-06-02 19:53:02,046 INFO o.a.j.r.Summariser: summary =   8506 in 00:23:41 =    6.0/s Avg: 16178 Min: 14950 Max: 20277 Err:  8506 (100.00%)
2026-06-02 19:53:31,732 INFO o.a.j.r.Summariser: summary +    161 in 00:00:30 =    5.4/s Avg: 20006 Min: 20001 Max: 20064 Err:   161 (100.00%) Active: 100 Started: 100 Finished: 0
2026-06-02 19:53:31,772 INFO o.a.j.r.Summariser: summary =   8667 in 00:24:10 =    6.0/s Avg: 16249 Min: 14950 Max: 20277 Err:  8667 (100.00%)
2026-06-02 19:54:02,052 INFO o.a.j.r.Summariser: summary +    139 in 00:00:30 =    4.6/s Avg: 20004 Min: 20001 Max: 20017 Err:   139 (100.00%) Active: 100 Started: 100 Finished: 0
2026-06-02 19:54:02,052 INFO o.a.j.r.Summariser: summary =   8806 in 00:24:41 =    5.9/s Avg: 16309 Min: 14950 Max: 20277 Err:  8806 (100.00%)
2026-06-02 19:54:31,744 INFO o.a.j.r.Summariser: summary +    161 in 00:00:30 =    5.4/s Avg: 20003 Min: 20001 Max: 20012 Err:   161 (100.00%) Active: 100 Started: 100 Finished: 0
2026-06-02 19:54:31,764 INFO o.a.j.r.Summariser: summary =   8967 in 00:25:10 =    5.9/s Avg: 16375 Min: 14950 Max: 20277 Err:  8967 (100.00%)
2026-06-02 19:56:30,145 INFO o.a.j.r.Summariser: summary +    378 in 00:01:58 =    3.2/s Avg: 20005 Min: 20001 Max: 20051 Err:   378 (100.00%) Active: 100 Started: 100 Finished: 0
2026-06-02 19:56:30,146 INFO o.a.j.r.Summariser: summary =   9345 in 00:27:09 =    5.7/s Avg: 16522 Min: 14950 Max: 20277 Err:  9345 (100.00%)
2026-06-02 19:57:30,157 INFO o.a.j.r.Summariser: summary +    300 in 00:01:00 =    5.0/s Avg: 20003 Min: 20001 Max: 20007 Err:   300 (100.00%) Active: 100 Started: 100 Finished: 0
2026-06-02 19:57:30,162 INFO o.a.j.r.Summariser: summary =   9645 in 00:28:09 =    5.7/s Avg: 16630 Min: 14950 Max: 20277 Err:  9645 (100.00%)
2026-06-02 19:57:30,407 INFO o.a.j.t.JMeterThread: Thread is done: Search API Load Test 1-8
2026-06-02 19:57:30,425 INFO o.a.j.t.JMeterThread: Thread finished: Search API Load Test 1-8
2026-06-02 19:57:33,860 INFO o.a.j.t.JMeterThread: Thread is done: Search API Load Test 1-4
2026-06-02 19:57:33,860 INFO o.a.j.t.JMeterThread: Thread finished: Search API Load Test 1-4
2026-06-02 19:57:50,162 INFO o.a.j.t.JMeterThread: Thread is done: Search API Load Test 1-3
2026-06-02 19:57:50,163 INFO o.a.j.t.JMeterThread: Thread finished: Search API Load Test 1-3
2026-06-02 19:57:50,165 INFO o.a.j.t.JMeterThread: Thread is done: Search API Load Test 1-7
2026-06-02 19:57:50,165 INFO o.a.j.t.JMeterThread: Thread finished: Search API Load Test 1-7
2026-06-02 19:57:50,165 INFO o.a.j.t.JMeterThread: Thread is done: Search API Load Test 1-10
2026-06-02 19:57:50,165 INFO o.a.j.t.JMeterThread: Thread finished: Search API Load Test 1-10
2026-06-02 19:57:50,185 INFO o.a.j.t.JMeterThread: Thread is done: Search API Load Test 1-14
2026-06-02 19:57:50,185 INFO o.a.j.t.JMeterThread: Thread finished: Search API Load Test 1-14
2026-06-02 19:57:50,187 INFO o.a.j.t.JMeterThread: Thread is done: Search API Load Test 1-9
2026-06-02 19:57:50,187 INFO o.a.j.t.JMeterThread: Thread finished: Search API Load Test 1-9
2026-06-02 19:57:50,195 INFO o.a.j.t.JMeterThread: Thread is done: Search API Load Test 1-6
2026-06-02 19:57:50,195 INFO o.a.j.t.JMeterThread: Thread finished: Search API Load Test 1-6
2026-06-02 19:57:50,198 INFO o.a.j.t.JMeterThread: Thread is done: Search API Load Test 1-1
2026-06-02 19:57:50,214 INFO o.a.j.t.JMeterThread: Thread finished: Search API Load Test 1-1
2026-06-02 19:57:50,215 INFO o.a.j.t.JMeterThread: Thread is done: Search API Load Test 1-19
2026-06-02 19:57:50,216 INFO o.a.j.t.JMeterThread: Thread finished: Search API Load Test 1-19
2026-06-02 19:57:50,216 INFO o.a.j.t.JMeterThread: Thread is done: Search API Load Test 1-13
2026-06-02 19:57:50,216 INFO o.a.j.t.JMeterThread: Thread finished: Search API Load Test 1-13
2026-06-02 19:57:50,219 INFO o.a.j.t.JMeterThread: Thread is done: Search API Load Test 1-18
2026-06-02 19:57:50,220 INFO o.a.j.t.JMeterThread: Thread finished: Search API Load Test 1-18
2026-06-02 19:57:50,225 INFO o.a.j.t.JMeterThread: Thread is done: Search API Load Test 1-15
2026-06-02 19:57:50,226 INFO o.a.j.t.JMeterThread: Thread finished: Search API Load Test 1-15
2026-06-02 19:57:50,227 INFO o.a.j.t.JMeterThread: Thread is done: Search API Load Test 1-11
2026-06-02 19:57:50,227 INFO o.a.j.t.JMeterThread: Thread finished: Search API Load Test 1-11
2026-06-02 19:57:50,232 INFO o.a.j.t.JMeterThread: Thread is done: Search API Load Test 1-27
2026-06-02 19:57:50,232 INFO o.a.j.t.JMeterThread: Thread finished: Search API Load Test 1-27
2026-06-02 19:57:50,237 INFO o.a.j.t.JMeterThread: Thread is done: Search API Load Test 1-5
2026-06-02 19:57:50,237 INFO o.a.j.t.JMeterThread: Thread is done: Search API Load Test 1-2
2026-06-02 19:57:50,237 INFO o.a.j.t.JMeterThread: Thread finished: Search API Load Test 1-5
2026-06-02 19:57:50,237 INFO o.a.j.t.JMeterThread: Thread finished: Search API Load Test 1-2
2026-06-02 19:57:50,238 INFO o.a.j.t.JMeterThread: Thread is done: Search API Load Test 1-32
2026-06-02 19:57:50,238 INFO o.a.j.t.JMeterThread: Thread is done: Search API Load Test 1-12
2026-06-02 19:57:50,240 INFO o.a.j.t.JMeterThread: Thread finished: Search API Load Test 1-12
2026-06-02 19:57:50,240 INFO o.a.j.t.JMeterThread: Thread finished: Search API Load Test 1-32
2026-06-02 19:57:50,245 INFO o.a.j.t.JMeterThread: Thread is done: Search API Load Test 1-26
2026-06-02 19:57:50,246 INFO o.a.j.t.JMeterThread: Thread finished: Search API Load Test 1-26
2026-06-02 19:57:50,272 INFO o.a.j.t.JMeterThread: Thread is done: Search API Load Test 1-17
2026-06-02 19:57:50,272 INFO o.a.j.t.JMeterThread: Thread finished: Search API Load Test 1-17
2026-06-02 19:57:50,341 INFO o.a.j.t.JMeterThread: Thread is done: Search API Load Test 1-16
2026-06-02 19:57:50,342 INFO o.a.j.t.JMeterThread: Thread finished: Search API Load Test 1-16
2026-06-02 19:57:53,889 INFO o.a.j.t.JMeterThread: Thread is done: Search API Load Test 1-22
2026-06-02 19:57:53,889 INFO o.a.j.t.JMeterThread: Thread finished: Search API Load Test 1-22
2026-06-02 19:57:53,892 INFO o.a.j.t.JMeterThread: Thread is done: Search API Load Test 1-25
2026-06-02 19:57:53,892 INFO o.a.j.t.JMeterThread: Thread finished: Search API Load Test 1-25
2026-06-02 19:57:53,893 INFO o.a.j.t.JMeterThread: Thread is done: Search API Load Test 1-31
2026-06-02 19:57:53,893 INFO o.a.j.t.JMeterThread: Thread is done: Search API Load Test 1-20
2026-06-02 19:57:53,893 INFO o.a.j.t.JMeterThread: Thread finished: Search API Load Test 1-31
2026-06-02 19:57:53,893 INFO o.a.j.t.JMeterThread: Thread finished: Search API Load Test 1-20
2026-06-02 19:58:10,175 INFO o.a.j.t.JMeterThread: Thread is done: Search API Load Test 1-23
2026-06-02 19:58:10,175 INFO o.a.j.t.JMeterThread: Thread finished: Search API Load Test 1-23
2026-06-02 19:58:10,190 INFO o.a.j.t.JMeterThread: Thread is done: Search API Load Test 1-21
2026-06-02 19:58:10,191 INFO o.a.j.t.JMeterThread: Thread finished: Search API Load Test 1-21
2026-06-02 19:58:10,191 INFO o.a.j.t.JMeterThread: Thread is done: Search API Load Test 1-24
2026-06-02 19:58:10,191 INFO o.a.j.t.JMeterThread: Thread finished: Search API Load Test 1-24
2026-06-02 19:58:10,222 INFO o.a.j.t.JMeterThread: Thread is done: Search API Load Test 1-33
2026-06-02 19:58:10,223 INFO o.a.j.t.JMeterThread: Thread finished: Search API Load Test 1-33
2026-06-02 19:58:10,224 INFO o.a.j.t.JMeterThread: Thread is done: Search API Load Test 1-28
2026-06-02 19:58:10,224 INFO o.a.j.t.JMeterThread: Thread finished: Search API Load Test 1-28
2026-06-02 19:58:10,230 INFO o.a.j.t.JMeterThread: Thread is done: Search API Load Test 1-40
2026-06-02 19:58:10,230 INFO o.a.j.t.JMeterThread: Thread finished: Search API Load Test 1-40
2026-06-02 19:58:10,239 INFO o.a.j.t.JMeterThread: Thread is done: Search API Load Test 1-35
2026-06-02 19:58:10,239 INFO o.a.j.t.JMeterThread: Thread is done: Search API Load Test 1-48
2026-06-02 19:58:10,240 INFO o.a.j.t.JMeterThread: Thread finished: Search API Load Test 1-35
2026-06-02 19:58:10,240 INFO o.a.j.t.JMeterThread: Thread finished: Search API Load Test 1-48
2026-06-02 19:58:10,249 INFO o.a.j.t.JMeterThread: Thread is done: Search API Load Test 1-29
2026-06-02 19:58:10,250 INFO o.a.j.t.JMeterThread: Thread finished: Search API Load Test 1-29
2026-06-02 19:58:10,274 INFO o.a.j.t.JMeterThread: Thread is done: Search API Load Test 1-36
2026-06-02 19:58:10,275 INFO o.a.j.t.JMeterThread: Thread finished: Search API Load Test 1-36
2026-06-02 19:58:10,343 INFO o.a.j.t.JMeterThread: Thread is done: Search API Load Test 1-41
2026-06-02 19:58:10,343 INFO o.a.j.t.JMeterThread: Thread finished: Search API Load Test 1-41
2026-06-02 19:58:10,343 INFO o.a.j.t.JMeterThread: Thread is done: Search API Load Test 1-46
2026-06-02 19:58:10,343 INFO o.a.j.t.JMeterThread: Thread finished: Search API Load Test 1-46
2026-06-02 19:58:10,346 INFO o.a.j.t.JMeterThread: Thread is done: Search API Load Test 1-45
2026-06-02 19:58:10,347 INFO o.a.j.t.JMeterThread: Thread finished: Search API Load Test 1-45
2026-06-02 19:58:10,350 INFO o.a.j.t.JMeterThread: Thread is done: Search API Load Test 1-37
2026-06-02 19:58:10,350 INFO o.a.j.t.JMeterThread: Thread is done: Search API Load Test 1-50
2026-06-02 19:58:10,350 INFO o.a.j.t.JMeterThread: Thread is done: Search API Load Test 1-30
2026-06-02 19:58:10,350 INFO o.a.j.t.JMeterThread: Thread finished: Search API Load Test 1-50
2026-06-02 19:58:10,350 INFO o.a.j.t.JMeterThread: Thread finished: Search API Load Test 1-37
2026-06-02 19:58:10,350 INFO o.a.j.t.JMeterThread: Thread finished: Search API Load Test 1-30
2026-06-02 19:58:13,862 INFO o.a.j.t.JMeterThread: Thread is done: Search API Load Test 1-38
2026-06-02 19:58:13,862 INFO o.a.j.t.JMeterThread: Thread finished: Search API Load Test 1-38
2026-06-02 19:58:13,894 INFO o.a.j.t.JMeterThread: Thread is done: Search API Load Test 1-43
2026-06-02 19:58:13,894 INFO o.a.j.t.JMeterThread: Thread finished: Search API Load Test 1-43
2026-06-02 19:58:13,896 INFO o.a.j.t.JMeterThread: Thread is done: Search API Load Test 1-54
2026-06-02 19:58:13,896 INFO o.a.j.t.JMeterThread: Thread finished: Search API Load Test 1-54
2026-06-02 19:58:13,897 INFO o.a.j.t.JMeterThread: Thread is done: Search API Load Test 1-58
2026-06-02 19:58:13,897 INFO o.a.j.t.JMeterThread: Thread finished: Search API Load Test 1-58
2026-06-02 19:58:30,169 INFO o.a.j.r.Summariser: summary +    272 in 00:01:00 =    4.5/s Avg: 20006 Min: 20001 Max: 20268 Err:   272 (100.00%) Active: 54 Started: 100 Finished: 46
2026-06-02 19:58:30,169 INFO o.a.j.t.JMeterThread: Thread is done: Search API Load Test 1-44
2026-06-02 19:58:30,170 INFO o.a.j.t.JMeterThread: Thread finished: Search API Load Test 1-44
2026-06-02 19:58:30,172 INFO o.a.j.r.Summariser: summary =   9917 in 00:29:09 =    5.7/s Avg: 16723 Min: 14950 Max: 20277 Err:  9917 (100.00%)
2026-06-02 19:58:30,172 INFO o.a.j.t.JMeterThread: Thread is done: Search API Load Test 1-53
2026-06-02 19:58:30,172 INFO o.a.j.t.JMeterThread: Thread finished: Search API Load Test 1-53
2026-06-02 19:58:30,174 INFO o.a.j.t.JMeterThread: Thread is done: Search API Load Test 1-55
2026-06-02 19:58:30,175 INFO o.a.j.t.JMeterThread: Thread finished: Search API Load Test 1-55
2026-06-02 19:58:30,178 INFO o.a.j.t.JMeterThread: Thread is done: Search API Load Test 1-57
2026-06-02 19:58:30,178 INFO o.a.j.t.JMeterThread: Thread finished: Search API Load Test 1-57
2026-06-02 19:58:30,180 INFO o.a.j.t.JMeterThread: Thread is done: Search API Load Test 1-68
2026-06-02 19:58:30,180 INFO o.a.j.t.JMeterThread: Thread finished: Search API Load Test 1-68
2026-06-02 19:58:30,181 INFO o.a.j.t.JMeterThread: Thread is done: Search API Load Test 1-39
2026-06-02 19:58:30,182 INFO o.a.j.t.JMeterThread: Thread finished: Search API Load Test 1-39
2026-06-02 19:58:30,196 INFO o.a.j.t.JMeterThread: Thread is done: Search API Load Test 1-52
2026-06-02 19:58:30,196 INFO o.a.j.t.JMeterThread: Thread finished: Search API Load Test 1-52
2026-06-02 19:58:30,197 INFO o.a.j.t.JMeterThread: Thread is done: Search API Load Test 1-60
2026-06-02 19:58:30,197 INFO o.a.j.t.JMeterThread: Thread finished: Search API Load Test 1-60
2026-06-02 19:58:30,201 INFO o.a.j.t.JMeterThread: Thread is done: Search API Load Test 1-59
2026-06-02 19:58:30,202 INFO o.a.j.t.JMeterThread: Thread finished: Search API Load Test 1-59
2026-06-02 19:58:30,202 INFO o.a.j.t.JMeterThread: Thread is done: Search API Load Test 1-47
2026-06-02 19:58:30,202 INFO o.a.j.t.JMeterThread: Thread is done: Search API Load Test 1-49
2026-06-02 19:58:30,202 INFO o.a.j.t.JMeterThread: Thread finished: Search API Load Test 1-47
2026-06-02 19:58:30,202 INFO o.a.j.t.JMeterThread: Thread finished: Search API Load Test 1-49
2026-06-02 19:58:30,202 INFO o.a.j.t.JMeterThread: Thread is done: Search API Load Test 1-51
2026-06-02 19:58:30,202 INFO o.a.j.t.JMeterThread: Thread finished: Search API Load Test 1-51
2026-06-02 19:58:30,223 INFO o.a.j.t.JMeterThread: Thread is done: Search API Load Test 1-67
2026-06-02 19:58:30,223 INFO o.a.j.t.JMeterThread: Thread finished: Search API Load Test 1-67
2026-06-02 19:58:30,234 INFO o.a.j.t.JMeterThread: Thread is done: Search API Load Test 1-70
2026-06-02 19:58:30,234 INFO o.a.j.t.JMeterThread: Thread is done: Search API Load Test 1-34
2026-06-02 19:58:30,230 INFO o.a.j.t.JMeterThread: Thread is done: Search API Load Test 1-56
2026-06-02 19:58:30,233 INFO o.a.j.t.JMeterThread: Thread is done: Search API Load Test 1-63
2026-06-02 19:58:30,256 INFO o.a.j.t.JMeterThread: Thread finished: Search API Load Test 1-34
2026-06-02 19:58:30,258 INFO o.a.j.t.JMeterThread: Thread finished: Search API Load Test 1-63
2026-06-02 19:58:30,258 INFO o.a.j.t.JMeterThread: Thread finished: Search API Load Test 1-70
2026-06-02 19:58:30,258 INFO o.a.j.t.JMeterThread: Thread finished: Search API Load Test 1-56
2026-06-02 19:58:30,250 INFO o.a.j.t.JMeterThread: Thread is done: Search API Load Test 1-65
2026-06-02 19:58:30,258 INFO o.a.j.t.JMeterThread: Thread finished: Search API Load Test 1-65
2026-06-02 19:58:30,253 INFO o.a.j.t.JMeterThread: Thread is done: Search API Load Test 1-73
2026-06-02 19:58:30,258 INFO o.a.j.t.JMeterThread: Thread finished: Search API Load Test 1-73
2026-06-02 19:58:30,277 INFO o.a.j.t.JMeterThread: Thread is done: Search API Load Test 1-66
2026-06-02 19:58:30,278 INFO o.a.j.t.JMeterThread: Thread finished: Search API Load Test 1-66
2026-06-02 19:58:30,439 INFO o.a.j.t.JMeterThread: Thread is done: Search API Load Test 1-42
2026-06-02 19:58:30,440 INFO o.a.j.t.JMeterThread: Thread finished: Search API Load Test 1-42
2026-06-02 19:58:33,862 INFO o.a.j.t.JMeterThread: Thread is done: Search API Load Test 1-64
2026-06-02 19:58:33,862 INFO o.a.j.t.JMeterThread: Thread finished: Search API Load Test 1-64
2026-06-02 19:58:33,868 INFO o.a.j.t.JMeterThread: Thread is done: Search API Load Test 1-61
2026-06-02 19:58:33,883 INFO o.a.j.t.JMeterThread: Thread finished: Search API Load Test 1-61
2026-06-02 19:58:33,895 INFO o.a.j.t.JMeterThread: Thread is done: Search API Load Test 1-69
2026-06-02 19:58:33,895 INFO o.a.j.t.JMeterThread: Thread is done: Search API Load Test 1-78
2026-06-02 19:58:33,895 INFO o.a.j.t.JMeterThread: Thread finished: Search API Load Test 1-69
2026-06-02 19:58:33,895 INFO o.a.j.t.JMeterThread: Thread finished: Search API Load Test 1-78
2026-06-02 19:58:50,173 INFO o.a.j.t.JMeterThread: Thread is done: Search API Load Test 1-72
2026-06-02 19:58:50,173 INFO o.a.j.t.JMeterThread: Thread finished: Search API Load Test 1-72
2026-06-02 19:58:50,175 INFO o.a.j.t.JMeterThread: Thread is done: Search API Load Test 1-77
2026-06-02 19:58:50,175 INFO o.a.j.t.JMeterThread: Thread is done: Search API Load Test 1-74
2026-06-02 19:58:50,175 INFO o.a.j.t.JMeterThread: Thread finished: Search API Load Test 1-77
2026-06-02 19:58:50,176 INFO o.a.j.t.JMeterThread: Thread finished: Search API Load Test 1-74
2026-06-02 19:58:50,180 INFO o.a.j.t.JMeterThread: Thread is done: Search API Load Test 1-71
2026-06-02 19:58:50,181 INFO o.a.j.t.JMeterThread: Thread finished: Search API Load Test 1-71
2026-06-02 19:58:50,183 INFO o.a.j.t.JMeterThread: Thread is done: Search API Load Test 1-76
2026-06-02 19:58:50,183 INFO o.a.j.t.JMeterThread: Thread finished: Search API Load Test 1-76
2026-06-02 19:58:50,195 INFO o.a.j.t.JMeterThread: Thread is done: Search API Load Test 1-89
2026-06-02 19:58:50,195 INFO o.a.j.t.JMeterThread: Thread is done: Search API Load Test 1-85
2026-06-02 19:58:50,195 INFO o.a.j.t.JMeterThread: Thread finished: Search API Load Test 1-89
2026-06-02 19:58:50,195 INFO o.a.j.t.JMeterThread: Thread finished: Search API Load Test 1-85
2026-06-02 19:58:50,196 INFO o.a.j.t.JMeterThread: Thread is done: Search API Load Test 1-79
2026-06-02 19:58:50,196 INFO o.a.j.t.JMeterThread: Thread finished: Search API Load Test 1-79
2026-06-02 19:58:50,203 INFO o.a.j.t.JMeterThread: Thread is done: Search API Load Test 1-82
2026-06-02 19:58:50,203 INFO o.a.j.t.JMeterThread: Thread finished: Search API Load Test 1-82
2026-06-02 19:58:50,203 INFO o.a.j.t.JMeterThread: Thread is done: Search API Load Test 1-83
2026-06-02 19:58:50,203 INFO o.a.j.t.JMeterThread: Thread finished: Search API Load Test 1-83
2026-06-02 19:58:50,207 INFO o.a.j.t.JMeterThread: Thread is done: Search API Load Test 1-62
2026-06-02 19:58:50,207 INFO o.a.j.t.JMeterThread: Thread finished: Search API Load Test 1-62
2026-06-02 19:58:50,216 INFO o.a.j.t.JMeterThread: Thread is done: Search API Load Test 1-93
2026-06-02 19:58:50,217 INFO o.a.j.t.JMeterThread: Thread finished: Search API Load Test 1-93
2026-06-02 19:58:50,230 INFO o.a.j.t.JMeterThread: Thread is done: Search API Load Test 1-87
2026-06-02 19:58:50,231 INFO o.a.j.t.JMeterThread: Thread finished: Search API Load Test 1-87
2026-06-02 19:58:50,232 INFO o.a.j.t.JMeterThread: Thread is done: Search API Load Test 1-84
2026-06-02 19:58:50,232 INFO o.a.j.t.JMeterThread: Thread finished: Search API Load Test 1-84
2026-06-02 19:58:50,233 INFO o.a.j.t.JMeterThread: Thread is done: Search API Load Test 1-80
2026-06-02 19:58:50,233 INFO o.a.j.t.JMeterThread: Thread finished: Search API Load Test 1-80
2026-06-02 19:58:50,235 INFO o.a.j.t.JMeterThread: Thread is done: Search API Load Test 1-75
2026-06-02 19:58:50,235 INFO o.a.j.t.JMeterThread: Thread finished: Search API Load Test 1-75
2026-06-02 19:58:50,237 INFO o.a.j.t.JMeterThread: Thread is done: Search API Load Test 1-81
2026-06-02 19:58:50,238 INFO o.a.j.t.JMeterThread: Thread finished: Search API Load Test 1-81
2026-06-02 19:58:50,254 INFO o.a.j.t.JMeterThread: Thread is done: Search API Load Test 1-86
2026-06-02 19:58:50,255 INFO o.a.j.t.JMeterThread: Thread finished: Search API Load Test 1-86
2026-06-02 19:58:50,281 INFO o.a.j.t.JMeterThread: Thread is done: Search API Load Test 1-96
2026-06-02 19:58:50,281 INFO o.a.j.t.JMeterThread: Thread finished: Search API Load Test 1-96
2026-06-02 19:58:50,348 INFO o.a.j.t.JMeterThread: Thread is done: Search API Load Test 1-95
2026-06-02 19:58:50,349 INFO o.a.j.t.JMeterThread: Thread finished: Search API Load Test 1-95
2026-06-02 19:58:50,349 INFO o.a.j.t.JMeterThread: Thread is done: Search API Load Test 1-91
2026-06-02 19:58:50,349 INFO o.a.j.t.JMeterThread: Thread finished: Search API Load Test 1-91
2026-06-02 19:58:50,350 INFO o.a.j.t.JMeterThread: Thread is done: Search API Load Test 1-88
2026-06-02 19:58:50,350 INFO o.a.j.t.JMeterThread: Thread finished: Search API Load Test 1-88
2026-06-02 19:58:50,351 INFO o.a.j.t.JMeterThread: Thread is done: Search API Load Test 1-90
2026-06-02 19:58:50,351 INFO o.a.j.t.JMeterThread: Thread finished: Search API Load Test 1-90
2026-06-02 19:58:50,354 INFO o.a.j.t.JMeterThread: Thread is done: Search API Load Test 1-92
2026-06-02 19:58:50,354 INFO o.a.j.t.JMeterThread: Thread finished: Search API Load Test 1-92
2026-06-02 19:58:53,869 INFO o.a.j.t.JMeterThread: Thread is done: Search API Load Test 1-97
2026-06-02 19:58:53,870 INFO o.a.j.t.JMeterThread: Thread finished: Search API Load Test 1-97
2026-06-02 19:58:53,872 INFO o.a.j.t.JMeterThread: Thread is done: Search API Load Test 1-100
2026-06-02 19:58:53,873 INFO o.a.j.t.JMeterThread: Thread finished: Search API Load Test 1-100
2026-06-02 19:58:53,874 INFO o.a.j.t.JMeterThread: Thread is done: Search API Load Test 1-98
2026-06-02 19:58:53,874 INFO o.a.j.t.JMeterThread: Thread finished: Search API Load Test 1-98
2026-06-02 19:58:53,905 INFO o.a.j.t.JMeterThread: Thread is done: Search API Load Test 1-99
2026-06-02 19:58:53,905 INFO o.a.j.t.JMeterThread: Thread finished: Search API Load Test 1-99
2026-06-02 19:59:10,210 INFO o.a.j.t.JMeterThread: Thread is done: Search API Load Test 1-94
2026-06-02 19:59:10,210 INFO o.a.j.t.JMeterThread: Thread finished: Search API Load Test 1-94
2026-06-02 19:59:10,483 INFO o.a.j.e.StandardJMeterEngine: Notifying test listeners of end of test
2026-06-02 19:59:10,515 INFO o.a.j.s.FileServer: Close: pokemon_names.csv
2026-06-02 19:59:10,770 INFO o.a.j.r.Summariser: summary +     83 in 00:00:41 =    2.0/s Avg: 20002 Min: 20001 Max: 20006 Err:    83 (100.00%) Active: 0 Started: 100 Finished: 100
2026-06-02 19:59:12,223 INFO o.a.j.r.Summariser: summary =  10000 in 00:29:51 =    5.6/s Avg: 16750 Min: 14950 Max: 20277 Err: 10000 (100.00%)
2026-06-02 19:59:12,908 INFO o.a.j.JMeter: Generating Dashboard
2026-06-02 19:59:12,923 INFO o.a.j.r.d.ReportGenerator: Flushing result collector before report Generation
2026-06-02 19:59:17,391 INFO o.a.j.r.p.NormalizerSampleConsumer: Using format, 'ms', to parse timeStamp field
2026-06-02 20:02:24,229 INFO o.a.j.r.p.AbstractSampleConsumer: class org.apache.jmeter.report.processor.AggregateConsumer#stopProducing(): beginDate produced 0 samples
2026-06-02 20:02:24,229 INFO o.a.j.r.p.AbstractSampleConsumer: class org.apache.jmeter.report.processor.AggregateConsumer#stopProducing(): endDate produced 0 samples
2026-06-02 20:02:24,237 INFO o.a.j.r.p.AbstractSampleConsumer: class org.apache.jmeter.report.processor.ApdexSummaryConsumer#stopProducing(): apdexSummary produced 0 samples
2026-06-02 20:02:24,237 INFO o.a.j.r.p.AbstractSampleConsumer: class org.apache.jmeter.report.processor.RequestsSummaryConsumer#stopProducing(): requestsSummary produced 0 samples
2026-06-02 20:02:24,270 INFO o.a.j.r.p.AbstractSampleConsumer: class org.apache.jmeter.report.processor.StatisticsSummaryConsumer#stopProducing(): statisticsSummary produced 0 samples
2026-06-02 20:02:24,281 INFO o.a.j.r.p.AbstractSampleConsumer: class org.apache.jmeter.report.processor.Top5ErrorsBySamplerConsumer#stopProducing(): top5ErrorsBySampler produced 0 samples
2026-06-02 20:02:24,282 INFO o.a.j.r.p.AbstractSampleConsumer: class org.apache.jmeter.report.processor.ErrorsSummaryConsumer#stopProducing(): errorsSummary produced 0 samples
2026-06-02 20:02:24,282 INFO o.a.j.r.p.AbstractSampleConsumer: class org.apache.jmeter.report.processor.graph.impl.HitsPerSecondGraphConsumer#stopProducing(): hitsPerSecond produced 0 samples
2026-06-02 20:02:25,505 INFO o.a.j.r.p.AbstractSampleConsumer: class org.apache.jmeter.report.processor.graph.impl.LatencyVSRequestGraphConsumer#stopProducing(): latencyVsRequest produced 0 samples
2026-06-02 20:02:25,508 INFO o.a.j.r.p.AbstractSampleConsumer: class org.apache.jmeter.report.processor.graph.impl.SyntheticResponseTimeDistributionGraphConsumer#stopProducing(): syntheticResponseTimeDistribution produced 0 samples
2026-06-02 20:02:25,510 INFO o.a.j.r.p.AbstractSampleConsumer: class org.apache.jmeter.report.processor.graph.impl.BytesThroughputGraphConsumer#stopProducing(): bytesThroughputOverTime produced 0 samples
2026-06-02 20:02:25,510 INFO o.a.j.r.p.AbstractSampleConsumer: class org.apache.jmeter.report.processor.graph.impl.CodesPerSecondGraphConsumer#stopProducing(): codesPerSecond produced 0 samples
2026-06-02 20:02:26,577 INFO o.a.j.r.p.AbstractSampleConsumer: class org.apache.jmeter.report.processor.graph.impl.ResponseTimeVSRequestGraphConsumer#stopProducing(): responseTimeVsRequest produced 0 samples
2026-06-02 20:02:26,580 INFO o.a.j.r.p.AbstractSampleConsumer: class org.apache.jmeter.report.processor.FilterConsumer#stopProducing(): startIntervalControlerFilter produced 70000 samples
2026-06-02 20:02:26,580 INFO o.a.j.r.p.AbstractSampleConsumer: class org.apache.jmeter.report.processor.graph.impl.TotalTPSGraphConsumer#stopProducing(): totalTPS produced 0 samples
2026-06-02 20:02:26,581 INFO o.a.j.r.p.AbstractSampleConsumer: class org.apache.jmeter.report.processor.graph.impl.ActiveThreadsGraphConsumer#stopProducing(): activeThreadsOverTime produced 0 samples
2026-06-02 20:02:26,581 INFO o.a.j.r.p.AbstractSampleConsumer: class org.apache.jmeter.report.processor.graph.impl.TimeVSThreadGraphConsumer#stopProducing(): timeVsThreads produced 0 samples
2026-06-02 20:02:26,582 INFO o.a.j.r.p.AbstractSampleConsumer: class org.apache.jmeter.report.processor.graph.impl.ResponseTimeDistributionGraphConsumer#stopProducing(): responseTimeDistribution produced 0 samples
2026-06-02 20:02:26,582 INFO o.a.j.r.p.AbstractSampleConsumer: class org.apache.jmeter.report.processor.graph.impl.TransactionsPerSecondGraphConsumer#stopProducing(): transactionsPerSecond produced 0 samples
2026-06-02 20:02:26,582 INFO o.a.j.r.p.AbstractSampleConsumer: class org.apache.jmeter.report.processor.graph.impl.ResponseTimePercentilesGraphConsumer#stopProducing(): responseTimePercentiles produced 0 samples
2026-06-02 20:02:26,620 INFO o.a.j.r.p.AbstractSampleConsumer: class org.apache.jmeter.report.processor.graph.impl.ResponseTimePercentilesOverTimeGraphConsumer#stopProducing(): responseTimePercentilesOverTime produced 0 samples
2026-06-02 20:02:26,621 INFO o.a.j.r.p.AbstractSampleConsumer: class org.apache.jmeter.report.processor.graph.impl.ResponseTimeOverTimeGraphConsumer#stopProducing(): responseTimesOverTime produced 0 samples
2026-06-02 20:02:26,621 INFO o.a.j.r.p.AbstractSampleConsumer: class org.apache.jmeter.report.processor.graph.impl.ConnectTimeOverTimeGraphConsumer#stopProducing(): connectTimeOverTime produced 0 samples
2026-06-02 20:02:26,621 INFO o.a.j.r.p.AbstractSampleConsumer: class org.apache.jmeter.report.processor.graph.impl.LatencyOverTimeGraphConsumer#stopProducing(): latenciesOverTime produced 0 samples
2026-06-02 20:02:26,621 INFO o.a.j.r.p.AbstractSampleConsumer: class org.apache.jmeter.report.processor.FilterConsumer#stopProducing(): nameFilter produced 150000 samples
2026-06-02 20:02:26,621 INFO o.a.j.r.p.AbstractSampleConsumer: class org.apache.jmeter.report.processor.FilterConsumer#stopProducing(): dateRangeFilter produced 30000 samples
2026-06-02 20:02:26,621 INFO o.a.j.r.p.AbstractSampleConsumer: class org.apache.jmeter.report.processor.NormalizerSampleConsumer#stopProducing(): normalizer produced 10000 samples
2026-06-02 20:02:26,624 INFO o.a.j.r.p.CsvFileSampleSource: produce(): 10000 samples produced in 3m 7s 187 ms on channel 0
2026-06-02 20:02:26,630 INFO o.a.j.r.d.ReportGenerator: Exporting data using exporter:'json' of className:'org.apache.jmeter.report.dashboard.JsonExporter'
2026-06-02 20:02:27,500 INFO o.a.j.r.d.JsonExporter: Found data for consumer statisticsSummary in context
2026-06-02 20:02:27,501 INFO o.a.j.r.d.JsonExporter: Creating statistics for overall
2026-06-02 20:02:27,503 INFO o.a.j.r.d.JsonExporter: Creating statistics for other transactions
2026-06-02 20:02:27,506 INFO o.a.j.r.d.JsonExporter: Checking output folder
2026-06-02 20:02:27,509 INFO o.a.j.r.d.JsonExporter: Writing statistics JSON to C:\Users\HP\Desktop\UTEC\ArquiSoft\semana10\jmeter\report\statistics.json
2026-06-02 20:02:27,969 INFO o.a.j.r.d.ReportGenerator: Exporting data using exporter:'html' of className:'org.apache.jmeter.report.dashboard.HtmlTemplateExporter'
2026-06-02 20:02:28,139 INFO o.a.j.r.d.HtmlTemplateExporter: Will generate dashboard in folder: C:\Users\HP\Desktop\UTEC\ArquiSoft\semana10\jmeter\report
2026-06-02 20:02:29,035 INFO o.a.j.r.d.HtmlTemplateExporter: Report will be generated in: C:\Users\HP\Desktop\UTEC\ArquiSoft\semana10\jmeter\report, creating folder structure
2026-06-02 20:02:29,056 INFO o.a.j.r.d.TemplateVisitor: Copying folder from 'C:\Users\HP\Downloads\apache-jmeter-5.6.3\apache-jmeter-5.6.3\bin\report-template' to 'C:\Users\HP\Desktop\UTEC\ArquiSoft\semana10\jmeter\report', got message: C:\Users\HP\Desktop\UTEC\ArquiSoft\semana10\jmeter\report, found non empty folder with following content [C:\Users\HP\Desktop\UTEC\ArquiSoft\semana10\jmeter\report\statistics.json], will be ignored
2026-06-02 20:02:34,202 INFO o.a.j.JMeter: Dashboard generated
